src/pages/Game.tsx(19,51): error TS2352: Conversion of type '{ gameData: any; loading: boolean; error: string | null; lastUpdated: Date | null; refetch: (options?: RefetchOptions) => Promise<QueryObserverResult<any, Error>>; }' to type '{ gameData: GameData | null; loading: boolean; error: string | null; refetch: () => Promise<void>; }' may be a mistake because neither type sufficiently overlaps with the other. If this was intentional, convert the expression to 'unknown' first.
  The types returned by 'refetch(...)' are incompatible between these types.
    Type 'Promise<QueryObserverResult<any, Error>>' is not comparable to type 'Promise<void>'.
      Type 'QueryObserverResult<any, Error>' is not comparable to type 'void'.
        Type 'QueryObserverPlaceholderResult<any, Error>' is not comparable to type 'void'.
src/pages/Home.tsx(28,44): error TS2352: Conversion of type '{ schedule: any; loading: boolean; refetch: (options?: RefetchOptions) => Promise<QueryObserverResult<any, Error>>; }' to type '{ schedule: ScheduleItem[]; loading: boolean; refetch: () => Promise<void>; }' may be a mistake because neither type sufficiently overlaps with the other. If this was intentional, convert the expression to 'unknown' first.
  The types returned by 'refetch(...)' are incompatible between these types.
    Type 'Promise<QueryObserverResult<any, Error>>' is not comparable to type 'Promise<void>'.
      Type 'QueryObserverResult<any, Error>' is not comparable to type 'void'.
        Type 'QueryObserverPlaceholderResult<any, Error>' is not comparable to type 'void'.
