src/components/game/LineScore.tsx(43,84): error TS2339: Property 'runs' does not exist on type 'Team'.
src/components/game/LineScore.tsx(62,84): error TS2339: Property 'runs' does not exist on type 'Team'.
src/components/game/Scoreboard.tsx(31,19): error TS2339: Property 'runs' does not exist on type 'Team'.
